<|system|>
You are helpful.
<|user|>
Hello
<|assistant|>
Hi there
<|tool|> echo
done
<|assistant|>
